2026-01-27 15:17:33.967 xcodebuild[99997:2582787]  DVTFilePathFSEvents: Failed to start fs event stream.
2026-01-27 15:17:34.243 xcodebuild[99997:2582776] [MT] DVTDeveloperPaths: Failed to get length of DARWIN_USER_CACHE_DIR from confstr(3), error = Error Domain=NSPOSIXErrorDomain Code=5 "Input/output error". Using NSCachesDirectory instead.
2026-01-27 15:17:34.722 xcodebuild[99997:2582787] CoreSimulatorService connection became invalid.  Simulator services will no longer be available.
2026-01-27 15:17:34.723 xcodebuild[99997:2582816] Logging connecton invalid: <OS_xpc_error: <dictionary: 0x1fce24960> { count = 1, transaction: 0, voucher = 0x0, contents =
	"XPCErrorDescription" => <string: 0x1fce24aa8> { string cache = 0x0, length = 18, contents = "Connection invalid" }
}>
2026-01-27 15:17:34.724 xcodebuild[99997:2582815] Error opening log file (/Users/nikolas/Library/Logs/CoreSimulator/CoreSimulator.com.apple.dt.xcodebuild.log): Operation not permitted
[-[SimServiceContext sendRequest:]:1743] ERROR : Unable to deliver request ({
    "developer_dir" = "/Applications/Xcode.app/Contents/Developer";
    request = "set_developer_dir";
}) because we are not connected to CoreSimulatorService.
Command line invocation:
    /Applications/Xcode.app/Contents/Developer/usr/bin/xcodebuild -project PokerCardRecognizer.xcodeproj -scheme PokerCardRecognizer -configuration Debug clean build -destination "platform=iOS Simulator,name=iPhone 15"

[-[SimServiceContext initWithDeveloperDir:connectionType:error:]:450] WARN  : Unable to discover any Simulator runtimes. Developer Directory is /Applications/Xcode.app/Contents/Developer.
[-[SimDiskImageManager init]:175] ERROR : Could not kickstart simdiskimaged; SimDiskImageManager services will not be available: Error Domain=NSPOSIXErrorDomain Code=53 "Software caused connection abort" UserInfo={NSLocalizedDescription=Error returned in reply from CoreSimulatorService: Connection invalid}
[-[SimDiskImageManager _onQueue_checkConnection:]:239] ERROR : simdiskimaged returned error (invalid), marking disconnected.
[-[SimDiskImageManager _onQueue_checkConnection:]:239] ERROR : simdiskimaged returned error (invalid), marking disconnected.
[-[SimServiceContext initWithDeveloperDir:connectionType:error:]_block_invoke:486] ERROR : Could not get list of trusted mount directories: Error Domain=com.apple.CoreSimulator.SimError Code=410 "The service used to manage runtime disk images (simdiskimaged) crashed or is not responding" UserInfo={NSLocalizedDescription=The service used to manage runtime disk images (simdiskimaged) crashed or is not responding}
[-[SimServiceContext sendRequest:reply:error:]:1763] ERROR : Unable to deliver request ({
    request = "notification_subscription";
    "set_path" = "/Users/nikolas/Library/Developer/CoreSimulator/Devices";
}) because we are not connected to CoreSimulatorService.
2026-01-27 15:17:34.802 xcodebuild[99997:2582816] Error Domain=NSPOSIXErrorDomain Code=61 "Connection refused" UserInfo={NSLocalizedDescription=CoreSimulatorService connection became invalid.  Simulator services will no longer be available.}
2026-01-27 15:17:34.803 xcodebuild[99997:2582776] [MT] DVTAssertions: Warning in DVTFrameworks/DVTFoundation/FileTypes/DVTFileDataTypeDetection.m:79
Details:  detectedTypeIdentifier (com.apple.xml-property-list) does not conform to matchedTypeIdentifier in MagicFileDataTypeDetector extenson com.apple.property-list. When both are specified, this conformance is required unless overridden by setting allowNonInheritance. extension.identifier:Xcode.MagicFileDataTypeDetector.XMLPlist
Object:   <DVTFileDataTypeDetectionMagicCache: 0x79a2acbd0>
Method:   -initWithExtension:
Thread:   <_NSMainThread: 0x102a164c0>{number = 1, name = main}
Please file a bug at https://feedbackassistant.apple.com with this warning message and any useful information you can provide.
[-[SimServiceContext sendRequest:reply:error:]:1763] ERROR : Unable to deliver request ({
    request = "notification_subscription";
    "set_path" = "/Users/nikolas/Library/Developer/CoreSimulator/Devices";
}) because we are not connected to CoreSimulatorService.
2026-01-27 15:17:34.805 xcodebuild[99997:2582816]  iOSSimulator: [SimServiceContext defaultDeviceSetWithError:] returned nil (Error Domain=NSPOSIXErrorDomain Code=61 "Connection refused" UserInfo={NSLocalizedFailureReason=Failed to subscribe to notifications from CoreSimulatorService., NSLocalizedDescription=Failed to initialize simulator device set., NSUnderlyingError=0x79a2ac2d0 {Error Domain=NSPOSIXErrorDomain Code=61 "Connection refused" UserInfo={NSLocalizedDescription=CoreSimulatorService connection became invalid.  Simulator services will no longer be available.}}}). Simulator device support disabled.
2026-01-27 15:17:34.805 xcodebuild[99997:2582786] Error Domain=NSPOSIXErrorDomain Code=61 "Connection refused" UserInfo={NSLocalizedDescription=CoreSimulatorService connection became invalid.  Simulator services will no longer be available.}
2026-01-27 15:17:34.805 xcodebuild[99997:2582786]  IDESimulatorAvailability: startObservingSimulatorUpdates() FAILED to register SimDeviceSet observer
2026-01-27 15:17:34.807 xcodebuild[99997:2582776] [MT] DVTAssertions: Warning in DVTFrameworks/DVTFoundation/FileTypes/DVTFileDataTypeDetection.m:79
Details:  detectedTypeIdentifier (com.apple.binary-property-list) does not conform to matchedTypeIdentifier in MagicFileDataTypeDetector extenson com.apple.property-list. When both are specified, this conformance is required unless overridden by setting allowNonInheritance. extension.identifier:Xcode.MagicFileDataTypeDetector.BinaryPlist
Object:   <DVTFileDataTypeDetectionMagicCache: 0x79a2ad680>
Method:   -initWithExtension:
Thread:   <_NSMainThread: 0x102a164c0>{number = 1, name = main}
Please file a bug at https://feedbackassistant.apple.com with this warning message and any useful information you can provide.
2026-01-27 15:17:34.990 xcodebuild[99997:2582814]  IDELogStore: Unable to remove item at path /Users/nikolas/Library/Developer/Xcode/DerivedData/PokerCardRecognizer-cjhpqgbakyvftpettxytgnrrwwbv/Logs/Build/44BB497D-00FC-4C56-A580-01537BDEA517.xcactivitylog: Error Domain=NSCocoaErrorDomain Code=513 "“44BB497D-00FC-4C56-A580-01537BDEA517.xcactivitylog” couldn’t be removed because you don’t have permission to access it." UserInfo={NSUserStringVariant=(
    Remove
), NSFilePath=/Users/nikolas/Library/Developer/Xcode/DerivedData/PokerCardRecognizer-cjhpqgbakyvftpettxytgnrrwwbv/Logs/Build/44BB497D-00FC-4C56-A580-01537BDEA517.xcactivitylog, NSURL=file:///Users/nikolas/Library/Developer/Xcode/DerivedData/PokerCardRecognizer-cjhpqgbakyvftpettxytgnrrwwbv/Logs/Build/44BB497D-00FC-4C56-A580-01537BDEA517.xcactivitylog, NSUnderlyingError=0x79a3ccde0 {Error Domain=NSPOSIXErrorDomain Code=1 "Operation not permitted"}}
2026-01-27 15:17:34.993 xcodebuild[99997:2582814]  IDELogStore: Unable to remove item at path /Users/nikolas/Library/Developer/Xcode/DerivedData/PokerCardRecognizer-cjhpqgbakyvftpettxytgnrrwwbv/Logs/Build/29D3D2E9-E92A-49D0-9755-4FFC19018F0D.xcactivitylog: Error Domain=NSCocoaErrorDomain Code=513 "“29D3D2E9-E92A-49D0-9755-4FFC19018F0D.xcactivitylog” couldn’t be removed because you don’t have permission to access it." UserInfo={NSUserStringVariant=(
    Remove
), NSFilePath=/Users/nikolas/Library/Developer/Xcode/DerivedData/PokerCardRecognizer-cjhpqgbakyvftpettxytgnrrwwbv/Logs/Build/29D3D2E9-E92A-49D0-9755-4FFC19018F0D.xcactivitylog, NSURL=file:///Users/nikolas/Library/Developer/Xcode/DerivedData/PokerCardRecognizer-cjhpqgbakyvftpettxytgnrrwwbv/Logs/Build/29D3D2E9-E92A-49D0-9755-4FFC19018F0D.xcactivitylog, NSUnderlyingError=0x799f3c960 {Error Domain=NSPOSIXErrorDomain Code=1 "Operation not permitted"}}
2026-01-27 15:17:34.994 xcodebuild[99997:2582814]  IDELogStore: Unable to remove item at path /Users/nikolas/Library/Developer/Xcode/DerivedData/PokerCardRecognizer-cjhpqgbakyvftpettxytgnrrwwbv/Logs/Build/BE767286-8D6D-411A-8F47-90EA4BAF8B4F.xcactivitylog: Error Domain=NSCocoaErrorDomain Code=513 "“BE767286-8D6D-411A-8F47-90EA4BAF8B4F.xcactivitylog” couldn’t be removed because you don’t have permission to access it." UserInfo={NSUserStringVariant=(
    Remove
), NSFilePath=/Users/nikolas/Library/Developer/Xcode/DerivedData/PokerCardRecognizer-cjhpqgbakyvftpettxytgnrrwwbv/Logs/Build/BE767286-8D6D-411A-8F47-90EA4BAF8B4F.xcactivitylog, NSURL=file:///Users/nikolas/Library/Developer/Xcode/DerivedData/PokerCardRecognizer-cjhpqgbakyvftpettxytgnrrwwbv/Logs/Build/BE767286-8D6D-411A-8F47-90EA4BAF8B4F.xcactivitylog, NSUnderlyingError=0x799f3ca80 {Error Domain=NSPOSIXErrorDomain Code=1 "Operation not permitted"}}
2026-01-27 15:17:34.995 xcodebuild[99997:2582814]  IDELogStore: Unable to remove item at path /Users/nikolas/Library/Developer/Xcode/DerivedData/PokerCardRecognizer-cjhpqgbakyvftpettxytgnrrwwbv/Logs/Build/1348FB38-889B-421B-B0D4-A8C83094F916.xcactivitylog: Error Domain=NSCocoaErrorDomain Code=513 "“1348FB38-889B-421B-B0D4-A8C83094F916.xcactivitylog” couldn’t be removed because you don’t have permission to access it." UserInfo={NSUserStringVariant=(
    Remove
), NSFilePath=/Users/nikolas/Library/Developer/Xcode/DerivedData/PokerCardRecognizer-cjhpqgbakyvftpettxytgnrrwwbv/Logs/Build/1348FB38-889B-421B-B0D4-A8C83094F916.xcactivitylog, NSURL=file:///Users/nikolas/Library/Developer/Xcode/DerivedData/PokerCardRecognizer-cjhpqgbakyvftpettxytgnrrwwbv/Logs/Build/1348FB38-889B-421B-B0D4-A8C83094F916.xcactivitylog, NSUnderlyingError=0x799f3ca50 {Error Domain=NSPOSIXErrorDomain Code=1 "Operation not permitted"}}
2026-01-27 15:17:34.997 xcodebuild[99997:2582814]  IDELogStore: Unable to remove item at path /Users/nikolas/Library/Developer/Xcode/DerivedData/PokerCardRecognizer-cjhpqgbakyvftpettxytgnrrwwbv/Logs/Build/AB8C18B3-C943-4A0E-8684-8217116E2C81.xcactivitylog: Error Domain=NSCocoaErrorDomain Code=513 "“AB8C18B3-C943-4A0E-8684-8217116E2C81.xcactivitylog” couldn’t be removed because you don’t have permission to access it." UserInfo={NSUserStringVariant=(
    Remove
), NSFilePath=/Users/nikolas/Library/Developer/Xcode/DerivedData/PokerCardRecognizer-cjhpqgbakyvftpettxytgnrrwwbv/Logs/Build/AB8C18B3-C943-4A0E-8684-8217116E2C81.xcactivitylog, NSURL=file:///Users/nikolas/Library/Developer/Xcode/DerivedData/PokerCardRecognizer-cjhpqgbakyvftpettxytgnrrwwbv/Logs/Build/AB8C18B3-C943-4A0E-8684-8217116E2C81.xcactivitylog, NSUnderlyingError=0x79a3ccdb0 {Error Domain=NSPOSIXErrorDomain Code=1 "Operation not permitted"}}
2026-01-27 15:17:34.999 xcodebuild[99997:2582814]  IDELogStore: Unable to remove item at path /Users/nikolas/Library/Developer/Xcode/DerivedData/PokerCardRecognizer-cjhpqgbakyvftpettxytgnrrwwbv/Logs/Build/46618824-48FD-44BE-9FBE-651C96BD1FC0.xcactivitylog: Error Domain=NSCocoaErrorDomain Code=513 "“46618824-48FD-44BE-9FBE-651C96BD1FC0.xcactivitylog” couldn’t be removed because you don’t have permission to access it." UserInfo={NSUserStringVariant=(
    Remove
), NSFilePath=/Users/nikolas/Library/Developer/Xcode/DerivedData/PokerCardRecognizer-cjhpqgbakyvftpettxytgnrrwwbv/Logs/Build/46618824-48FD-44BE-9FBE-651C96BD1FC0.xcactivitylog, NSURL=file:///Users/nikolas/Library/Developer/Xcode/DerivedData/PokerCardRecognizer-cjhpqgbakyvftpettxytgnrrwwbv/Logs/Build/46618824-48FD-44BE-9FBE-651C96BD1FC0.xcactivitylog, NSUnderlyingError=0x79a3cce40 {Error Domain=NSPOSIXErrorDomain Code=1 "Operation not permitted"}}
2026-01-27 15:17:35.001 xcodebuild[99997:2582814]  IDELogStore: Unable to remove item at path /Users/nikolas/Library/Developer/Xcode/DerivedData/PokerCardRecognizer-cjhpqgbakyvftpettxytgnrrwwbv/Logs/Build/06D9C29C-5B1A-4CB1-B6CD-8092FBA2219D.xcactivitylog: Error Domain=NSCocoaErrorDomain Code=513 "“06D9C29C-5B1A-4CB1-B6CD-8092FBA2219D.xcactivitylog” couldn’t be removed because you don’t have permission to access it." UserInfo={NSUserStringVariant=(
    Remove
), NSFilePath=/Users/nikolas/Library/Developer/Xcode/DerivedData/PokerCardRecognizer-cjhpqgbakyvftpettxytgnrrwwbv/Logs/Build/06D9C29C-5B1A-4CB1-B6CD-8092FBA2219D.xcactivitylog, NSURL=file:///Users/nikolas/Library/Developer/Xcode/DerivedData/PokerCardRecognizer-cjhpqgbakyvftpettxytgnrrwwbv/Logs/Build/06D9C29C-5B1A-4CB1-B6CD-8092FBA2219D.xcactivitylog, NSUnderlyingError=0x799f3cb10 {Error Domain=NSPOSIXErrorDomain Code=1 "Operation not permitted"}}
2026-01-27 15:17:35.001 xcodebuild[99997:2582776] [MT] IDELogStore: Failed to open log store at /Users/nikolas/Library/Developer/Xcode/DerivedData/PokerCardRecognizer-cjhpqgbakyvftpettxytgnrrwwbv/Logs/Build
2026-01-27 15:17:35.002 xcodebuild[99997:2582776] [MT] IDELogStore: Failed to open Build log store: Error Domain=NSCocoaErrorDomain Code=513 "You don’t have permission to save the file “LogStoreManifest.plist” in the folder “Build”." UserInfo={NSURL=file:///Users/nikolas/Library/Developer/Xcode/DerivedData/PokerCardRecognizer-cjhpqgbakyvftpettxytgnrrwwbv/Logs/Build/LogStoreManifest.plist, NSUnderlyingError=0x79a3cce10 {Error Domain=NSPOSIXErrorDomain Code=1 "Operation not permitted"}, NSUserStringVariant=Folder}. User info: {
    NSURL = "file:///Users/nikolas/Library/Developer/Xcode/DerivedData/PokerCardRecognizer-cjhpqgbakyvftpettxytgnrrwwbv/Logs/Build/LogStoreManifest.plist";
    NSUnderlyingError = "Error Domain=NSPOSIXErrorDomain Code=1 \"Operation not permitted\"";
    NSUserStringVariant = Folder;
}.
2026-01-27 15:17:35.015 xcodebuild[99997:2582816]  DVTProvisioningProfileManager: Failed to load profile "/Users/nikolas/Library/Developer/Xcode/UserData/Provisioning Profiles/a42e28cd-c191-4b44-912c-f378d573c9ae.mobileprovision" (Error Domain=DVTProvisioningProfileProviderErrorDomain Code=1 "Failed to load profile." UserInfo={NSLocalizedDescription=Failed to load profile., NSLocalizedRecoverySuggestion=Profile is missing the required UUID property.})
2026-01-27 15:17:35.015 xcodebuild[99997:2582822]  DVTProvisioningProfileManager: Failed to load profile "/Users/nikolas/Library/Developer/Xcode/UserData/Provisioning Profiles/79b1e5ae-11ab-491f-ab7d-6366a9a974d5.mobileprovision" (Error Domain=DVTProvisioningProfileProviderErrorDomain Code=1 "Failed to load profile." UserInfo={NSLocalizedDescription=Failed to load profile., NSLocalizedRecoverySuggestion=Profile is missing the required UUID property.})
2026-01-27 15:17:35.015 xcodebuild[99997:2582830]  DVTProvisioningProfileManager: Failed to load profile "/Users/nikolas/Library/Developer/Xcode/UserData/Provisioning Profiles/43fe6552-a50f-434b-8eea-d350afb264f5.mobileprovision" (Error Domain=DVTProvisioningProfileProviderErrorDomain Code=1 "Failed to load profile." UserInfo={NSLocalizedDescription=Failed to load profile., NSLocalizedRecoverySuggestion=Profile is missing the required UUID property.})
2026-01-27 15:17:35.015 xcodebuild[99997:2582828]  DVTProvisioningProfileManager: Failed to load profile "/Users/nikolas/Library/Developer/Xcode/UserData/Provisioning Profiles/08943c07-7874-4ad4-8b95-c641eded316e.mobileprovision" (Error Domain=DVTProvisioningProfileProviderErrorDomain Code=1 "Failed to load profile." UserInfo={NSLocalizedDescription=Failed to load profile., NSLocalizedRecoverySuggestion=Profile is missing the required UUID property.})
2026-01-27 15:17:35.015 xcodebuild[99997:2582815]  DVTProvisioningProfileManager: Failed to load profile "/Users/nikolas/Library/Developer/Xcode/UserData/Provisioning Profiles/e223ceca-9c9d-4469-bc79-8cf10e9a2a76.mobileprovision" (Error Domain=DVTProvisioningProfileProviderErrorDomain Code=1 "Failed to load profile." UserInfo={NSLocalizedDescription=Failed to load profile., NSLocalizedRecoverySuggestion=Profile is missing the required UUID property.})
2026-01-27 15:17:35.015 xcodebuild[99997:2582786]  DVTProvisioningProfileManager: Failed to load profile "/Users/nikolas/Library/Developer/Xcode/UserData/Provisioning Profiles/081cddee-f793-462a-a379-b754ec2a62b6.mobileprovision" (Error Domain=DVTProvisioningProfileProviderErrorDomain Code=1 "Failed to load profile." UserInfo={NSLocalizedDescription=Failed to load profile., NSLocalizedRecoverySuggestion=Profile is missing the required UUID property.})
2026-01-27 15:17:35.015 xcodebuild[99997:2582814]  DVTProvisioningProfileManager: Failed to load profile "/Users/nikolas/Library/Developer/Xcode/UserData/Provisioning Profiles/cb17271a-2629-4f74-b7c3-20ca67ae55bb.mobileprovision" (Error Domain=DVTProvisioningProfileProviderErrorDomain Code=1 "Failed to load profile." UserInfo={NSLocalizedDescription=Failed to load profile., NSLocalizedRecoverySuggestion=Profile is missing the required UUID property.})
2026-01-27 15:17:35.059 xcodebuild[99997:2582787]  IDELogStore: Unable to remove item at path /Users/nikolas/Library/Developer/Xcode/DerivedData/PokerCardRecognizer-cjhpqgbakyvftpettxytgnrrwwbv/Logs/Launch/Run-PokerCardRecognizer-2026.01.25_22-58-41-+0500.xcresult: Error Domain=NSCocoaErrorDomain Code=513 "“Run-PokerCardRecognizer-2026.01.25_22-58-41-+0500.xcresult” couldn’t be removed because you don’t have permission to access it." UserInfo={NSUserStringVariant=(
    Remove
), NSFilePath=/Users/nikolas/Library/Developer/Xcode/DerivedData/PokerCardRecognizer-cjhpqgbakyvftpettxytgnrrwwbv/Logs/Launch/Run-PokerCardRecognizer-2026.01.25_22-58-41-+0500.xcresult, NSURL=file:///Users/nikolas/Library/Developer/Xcode/DerivedData/PokerCardRecognizer-cjhpqgbakyvftpettxytgnrrwwbv/Logs/Launch/Run-PokerCardRecognizer-2026.01.25_22-58-41-+0500.xcresult, NSUnderlyingError=0x799ffce10 {Error Domain=NSPOSIXErrorDomain Code=1 "Operation not permitted"}}
2026-01-27 15:17:35.060 xcodebuild[99997:2582787]  IDELogStore: Unable to remove item at path /Users/nikolas/Library/Developer/Xcode/DerivedData/PokerCardRecognizer-cjhpqgbakyvftpettxytgnrrwwbv/Logs/Launch/Run-PokerCardRecognizer-2026.01.25_22-51-18-+0500.xcresult: Error Domain=NSCocoaErrorDomain Code=513 "“Run-PokerCardRecognizer-2026.01.25_22-51-18-+0500.xcresult” couldn’t be removed because you don’t have permission to access it." UserInfo={NSUserStringVariant=(
    Remove
), NSFilePath=/Users/nikolas/Library/Developer/Xcode/DerivedData/PokerCardRecognizer-cjhpqgbakyvftpettxytgnrrwwbv/Logs/Launch/Run-PokerCardRecognizer-2026.01.25_22-51-18-+0500.xcresult, NSURL=file:///Users/nikolas/Library/Developer/Xcode/DerivedData/PokerCardRecognizer-cjhpqgbakyvftpettxytgnrrwwbv/Logs/Launch/Run-PokerCardRecognizer-2026.01.25_22-51-18-+0500.xcresult, NSUnderlyingError=0x799ffcea0 {Error Domain=NSPOSIXErrorDomain Code=1 "Operation not permitted"}}
2026-01-27 15:17:35.060 xcodebuild[99997:2582776] [MT] IDELogStore: Failed to open log store at /Users/nikolas/Library/Developer/Xcode/DerivedData/PokerCardRecognizer-cjhpqgbakyvftpettxytgnrrwwbv/Logs/Launch
2026-01-27 15:17:35.061 xcodebuild[99997:2582776] [MT] IDELogStore: Failed to open Launch log store: Error Domain=NSCocoaErrorDomain Code=513 "You don’t have permission to save the file “LogStoreManifest.plist” in the folder “Launch”." UserInfo={NSURL=file:///Users/nikolas/Library/Developer/Xcode/DerivedData/PokerCardRecognizer-cjhpqgbakyvftpettxytgnrrwwbv/Logs/Launch/LogStoreManifest.plist, NSUnderlyingError=0x799ffcff0 {Error Domain=NSPOSIXErrorDomain Code=1 "Operation not permitted"}, NSUserStringVariant=Folder}. User info: {
    NSURL = "file:///Users/nikolas/Library/Developer/Xcode/DerivedData/PokerCardRecognizer-cjhpqgbakyvftpettxytgnrrwwbv/Logs/Launch/LogStoreManifest.plist";
    NSUnderlyingError = "Error Domain=NSPOSIXErrorDomain Code=1 \"Operation not permitted\"";
    NSUserStringVariant = Folder;
}.
2026-01-27 15:17:35.228 xcodebuild[99997:2582776] [MT] IDERunDestination: Supported platforms for the buildables in the current scheme is empty.
2026-01-27 15:18:35.410 xcodebuild[99997:2582776] Writing error result bundle to /var/folders/bz/g8srn5c56k1fm3f4vd963f6w0000gn/T/ResultBundle_2026-27-01_15-18-0035.xcresult
xcodebuild: error: Unable to find a device matching the provided destination specifier:
		{ platform:iOS Simulator, OS:latest, name:iPhone 15 }

	The requested device could not be found because no available devices matched the request.

	Available destinations for the "PokerCardRecognizer" scheme:
		{ platform:macOS, arch:arm64, variant:Designed for [iPad,iPhone], id:00006001-001049080241801E, name:My Mac }
		{ platform:iOS, id:dvtdevice-DVTiPhonePlaceholder-iphoneos:placeholder, name:Any iOS Device }
		{ platform:iOS Simulator, id:dvtdevice-DVTiOSDeviceSimulatorPlaceholder-iphonesimulator:placeholder, name:Any iOS Simulator Device }
